setup: SKIP semgrep (not supported on Windows)
setup: SKIP ai (agent-driven, nothing to install)
setup: downloading gitleaks 8.30.1 from https://github.com/gitleaks/gitleaks/releases/download/v8.30.1/gitleaks_8.30.1_windows_x64.zip
setup: downloading ruff 0.16.8 from https://github.com/astral-sh/ruff/releases/download/0.16.8/ruff-x86_64-pc-windows-msvc.zip
setup: downloading oxlint 1.85.0 from https://github.com/oxc-project/oxc/releases/download/oxlint_v1.85.0/oxlint-x86_64-pc-windows-msvc.zip
setup: npm install for eslint-layer 1
  download gitleaks 0.3/8.4 MB  download oxlint 0.3/6.0 MB  download ruff 0.3/9.8 MB  download gitleaks 8.4/8.4 MB
  download oxlint 6.0/6.0 MB
  download ruff 9.8/9.8 MB
setup: oxlint 1.85.0 installed (C:\Users\runneradmin/.codespot/engines\oxlint-1.85.0\oxlint.exe)
setup: downloading pmd 7.27.0 from https://github.com/pmd/pmd/releases/download/pmd_releases%2F7.27.0/pmd-dist-7.27.0-bin.zip
setup: ruff 0.16.8 installed (C:\Users\runneradmin/.codespot/engines\ruff-0.16.8\ruff.exe)
setup: gitleaks 8.30.1 installed (C:\Users\runneradmin/.codespot/engines\gitleaks-8.30.1\gitleaks.exe)
  download pmd 0.3/133.3 MB  download pmd 112.7/133.3 MB  download pmd 133.3/133.3 MB
setup: pmd 7.27.0 installed (C:\Users\runneradmin/.codespot/engines\pmd-7.27.0\pmd.bat)
setup: downloading spotbugs 4.10.4 from https://github.com/spotbugs/spotbugs/releases/download/4.10.4/spotbugs-4.10.4.zip
  download spotbugs 0.3/15.9 MB  download spotbugs 15.9/15.9 MB
setup: pip install for sqlfluff 4.3.0
setup: pip install for bandit 1.9.4
setup: bandit 1.9.4 installed (C:\Users\runneradmin/.codespot/engines\bandit-1.9.4)
setup: downloading osv-scanner 2.6.0 from https://github.com/google/osv-scanner/releases/download/v2.6.0/osv-scanner_windows_amd64.exe
  download osv-scanner 0.3/58.7 MB  download osv-scanner 32.0/58.7 MB  download osv-scanner 58.7/58.7 MB
setup: osv-scanner 2.6.0 installed (C:\Users\runneradmin/.codespot/engines\osv-scanner-2.6.0\osv-scanner.exe)
setup: downloading trufflehog 3.97.6 from https://github.com/trufflesecurity/trufflehog/releases/download/v3.97.6/trufflehog_3.97.6_windows_amd64.tar.gz
  download trufflehog 0.3/75.4 MB  download trufflehog 75.4/75.4 MB
setup: trufflehog 3.97.6 installed (C:\Users\runneradmin/.codespot/engines\trufflehog-3.97.6\trufflehog.exe)
setup: sqlfluff 4.3.0 installed (C:\Users\runneradmin/.codespot/engines\sqlfluff-4.3.0)
setup: downloading findsecbugs-plugin-1.14.0.jar
  download findsecbugs-plugin-1.14.0.jar 0.3/0.5 MB  download findsecbugs-plugin-1.14.0.jar 0.5/0.5 MB
setup: spotbugs 4.10.4 installed (C:\Users\runneradmin/.codespot/engines\spotbugs-4.10.4\spotbugs.bat)
setup: eslint-layer 1 installed (C:\Users\runneradmin/.codespot/engines\eslint-layer-1)
Traceback (most recent call last):
  File "D:\a\codespot\codespot\skill\scripts\codespot", line 865, in <module>
    main()
  File "D:\a\codespot\codespot\skill\scripts\codespot", line 861, in main
    sys.exit(args.fn(args))
             ^^^^^^^^^^^^^
  File "D:\a\codespot\codespot\skill\scripts\codespot", line 407, in do_setup
    results = setup_engine.setup_all(only=args.engines or None)
              ^^^^^^^^^^^^^^^^^^^^^^^^^^^^^^^^^^^^^^^^^^^^^^^^^
  File "D:\a\codespot\codespot\skill\scripts\setup_engine.py", line 340, in setup_all
    print("setup: [%d/%d] %s \u2713" % (done, total, key))
  File "C:\hostedtoolcache\windows\Python\3.11.9\x64\Lib\encodings\cp1252.py", line 19, in encode
    return codecs.charmap_encode(input,self.errors,encoding_table)[0]
           ^^^^^^^^^^^^^^^^^^^^^^^^^^^^^^^^^^^^^^^^^^^^^^^^^^^^^^^
UnicodeEncodeError: 'charmap' codec can't encode character '\u2713' in position 21: character maps to <undefined>
